// Vitest Snapshot v1, https://vitest.dev/guide/snapshot.html

exports[`deleteTask > given a folder name > can delete it > stdout 1`] = `
[log] <Bold><Cyan>üõ†Ô∏è Welcome to Nadle {version}!</Cyan></BoldDim>
[log] Using Nadle from /ROOT/lib/index.js
[log] Loaded configuration from /ROOT/test/__fixtures__/delete-task/__temp__/__{hash}__/nadle.config.ts

[log] <Yellow>></Yellow> Task <Bold>deleteFolderA</BoldDim> <Yellow>STARTED</Yellow>

[log]
<Green>‚úì</Green> Task <Bold>deleteFolderA</BoldDim> <Green>DONE</Green> <Dim>{duration}</BoldDim>
[log]
<Bold><Green>RUN SUCCESSFUL</Green></BoldDim> in <Bold>{duration}</BoldDim>
[log] <Bold>1</BoldDim> task executed
`;
